[1m[92m    Updating[0m crates.io index
[1m[92m    Updating[0m git repository `https://github.com/jamesatomc/jemallocator.git`
[1m[92m     Locking[0m 736 packages to latest compatible versions
[1m[92m      Adding[0m aes-gcm v0.10.3 [1m[33m(available: v0.11.0)[0m
[1m[92m      Adding[0m bincode v2.0.1 [1m[33m(available: v3.0.0)[0m
[1m[92m      Adding[0m generic-array v0.14.7 [1m[33m(available: v0.14.9)[0m
[1m[92m      Adding[0m matchit v0.8.4 [1m[33m(available: v0.8.6)[0m
[1m[92m      Adding[0m p256 v0.13.2 [1m[33m(available: v0.14.0)[0m
[1m[92m      Adding[0m sha3 v0.11.0 [1m[33m(available: v0.12.0)[0m
[1m[92m   Compiling[0m enum-compat-util v0.1.0 (/home/runner/work/kanari-sdk/kanari-sdk/third_party/move/crates/enum-compat-util)
[1m[92m   Compiling[0m move-symbol-pool v0.1.0 (/home/runner/work/kanari-sdk/kanari-sdk/third_party/move/crates/move-symbol-pool)
[1m[92m   Compiling[0m move-borrow-graph v0.0.1 (/home/runner/work/kanari-sdk/kanari-sdk/third_party/move/crates/move-borrow-graph)
[1m[92m   Compiling[0m move-abstract-stack v0.0.1 (/home/runner/work/kanari-sdk/kanari-sdk/third_party/move/crates/move-abstract-stack)
[1m[92m   Compiling[0m move-proc-macros v0.1.0 (/home/runner/work/kanari-sdk/kanari-sdk/third_party/move/crates/move-proc-macros)
[1m[92m   Compiling[0m move-core-types v0.0.4 (/home/runner/work/kanari-sdk/kanari-sdk/third_party/move/crates/move-core-types)
[1m[92m   Compiling[0m move-binary-format v0.0.3 (/home/runner/work/kanari-sdk/kanari-sdk/third_party/move/crates/move-binary-format)
[1m[92m   Compiling[0m move-command-line-common v0.1.0 (/home/runner/work/kanari-sdk/kanari-sdk/third_party/move/crates/move-command-line-common)
[1m[92m   Compiling[0m move-ir-types v0.1.0 (/home/runner/work/kanari-sdk/kanari-sdk/third_party/move/crates/move-ir-types)
[1m[92m   Compiling[0m move-ir-to-bytecode-syntax v0.1.0 (/home/runner/work/kanari-sdk/kanari-sdk/third_party/move/crates/move-ir-to-bytecode-syntax)
[1m[92m   Compiling[0m move-vm-config v0.1.0 (/home/runner/work/kanari-sdk/kanari-sdk/third_party/move/crates/move-vm-config)
[1m[92m   Compiling[0m move-bytecode-source-map v0.1.0 (/home/runner/work/kanari-sdk/kanari-sdk/third_party/move/crates/move-bytecode-source-map)
[1m[92m   Compiling[0m move-bytecode-utils v0.1.0 (/home/runner/work/kanari-sdk/kanari-sdk/third_party/move/crates/move-bytecode-utils)
[1m[92m   Compiling[0m move-bytecode-verifier-meter v0.1.0 (/home/runner/work/kanari-sdk/kanari-sdk/third_party/move/crates/move-bytecode-verifier-meter)
[1m[92m   Compiling[0m move-bytecode-verifier v0.1.0 (/home/runner/work/kanari-sdk/kanari-sdk/third_party/move/crates/move-bytecode-verifier)
[1m[92m   Compiling[0m move-ir-to-bytecode v0.1.0 (/home/runner/work/kanari-sdk/kanari-sdk/third_party/move/crates/move-ir-to-bytecode)
[1m[92m   Compiling[0m move-coverage v0.1.0 (/home/runner/work/kanari-sdk/kanari-sdk/third_party/move/crates/move-coverage)
[1m[92m   Compiling[0m move-compiler v0.0.1 (/home/runner/work/kanari-sdk/kanari-sdk/third_party/move/crates/move-compiler)
[1m[92m   Compiling[0m move-disassembler v0.1.0 (/home/runner/work/kanari-sdk/kanari-sdk/third_party/move/crates/move-disassembler)
[1m[92m   Compiling[0m move-model v0.1.0 (/home/runner/work/kanari-sdk/kanari-sdk/third_party/move/crates/move-model)
[1m[92m   Compiling[0m move-docgen v0.1.0 (/home/runner/work/kanari-sdk/kanari-sdk/third_party/move/crates/move-docgen)
[1m[92m   Compiling[0m move-package v0.1.0 (/home/runner/work/kanari-sdk/kanari-sdk/third_party/move/crates/move-package)
[1m[92m   Compiling[0m kanari-framework-builder v0.1.8 (/home/runner/work/kanari-sdk/kanari-sdk/crates/kanari-framework-builder)
[1m[33mwarning[0m: kanari-framework-builder@0.1.8: Compiling Move package: /home/runner/work/kanari-sdk/kanari-sdk/crates/kanari-framework-builder/../kanari-frameworks/packages/move-stdlib
[1m[33mwarning[0m: kanari-framework-builder@0.1.8: Compiled package /home/runner/work/kanari-sdk/kanari-sdk/crates/kanari-framework-builder/../kanari-frameworks/packages/move-stdlib
[1m[33mwarning[0m: kanari-framework-builder@0.1.8: Compiling Move package: /home/runner/work/kanari-sdk/kanari-sdk/crates/kanari-framework-builder/../kanari-frameworks/packages/kanari-system
[1m[33mwarning[0m: kanari-framework-builder@0.1.8: Compiled package /home/runner/work/kanari-sdk/kanari-sdk/crates/kanari-framework-builder/../kanari-frameworks/packages/kanari-system
[1m[92m    Finished[0m `dev` profile [unoptimized] target(s) in 24.09s
[1m[92m   Compiling[0m libc v0.2.186
[1m[92m   Compiling[0m portable-atomic v1.13.1
[1m[92m    Checking[0m critical-section v1.2.0
[1m[92m    Checking[0m byteorder v1.5.0
[1m[92m    Checking[0m futures-sink v0.3.32
[1m[92m    Checking[0m slab v0.4.12
[1m[92m   Compiling[0m enum-compat-util v0.1.0 (/home/runner/work/kanari-sdk/kanari-sdk/third_party/move/crates/enum-compat-util)
[1m[92m   Compiling[0m getrandom v0.3.4
[1m[92m    Checking[0m futures-channel v0.3.32
[1m[92m   Compiling[0m synstructure v0.13.2
[1m[92m   Compiling[0m move-proc-macros v0.1.0 (/home/runner/work/kanari-sdk/kanari-sdk/third_party/move/crates/move-proc-macros)
[1m[92m    Checking[0m stable_deref_trait v1.2.1
[1m[92m    Checking[0m uint v0.10.0
[1m[92m   Compiling[0m zerovec-derive v0.11.3
[1m[92m   Compiling[0m displaydoc v0.2.6
[1m[92m    Checking[0m futures-util v0.3.32
[1m[92m    Checking[0m either v1.16.0
[1m[92m    Checking[0m writeable v0.6.3
[1m[92m    Checking[0m litemap v0.8.2
[1m[92m   Compiling[0m icu_properties_data v2.2.0
[1m[92m    Checking[0m utf8_iter v1.0.4
[1m[92m   Compiling[0m zerofrom-derive v0.1.7
[1m[92m   Compiling[0m yoke-derive v0.8.2
[1m[92m    Checking[0m once_cell v1.21.4
[1m[92m   Compiling[0m icu_normalizer_data v2.2.0
[1m[92m    Checking[0m tracing-core v0.1.36
[1m[92m    Checking[0m move-symbol-pool v0.1.0 (/home/runner/work/kanari-sdk/kanari-sdk/third_party/move/crates/move-symbol-pool)
[1m[92m   Compiling[0m pin-project-internal v1.1.13
[1m[92m    Checking[0m tracing v0.1.44
[1m[92m   Compiling[0m itertools v0.14.0
[1m[92m    Checking[0m unsigned-varint v0.8.0
[1m[92m    Checking[0m move-abstract-stack v0.0.1 (/home/runner/work/kanari-sdk/kanari-sdk/third_party/move/crates/move-abstract-stack)
[1m[92m    Checking[0m move-borrow-graph v0.0.1 (/home/runner/work/kanari-sdk/kanari-sdk/third_party/move/crates/move-borrow-graph)
[1m[92m    Checking[0m getrandom v0.2.17
[1m[92m    Checking[0m parking_lot_core v0.9.12
[1m[92m    Checking[0m getrandom v0.4.3
[1m[92m    Checking[0m rand_core v0.6.4
[1m[92m    Checking[0m rand v0.10.2
[1m[92m    Checking[0m parking_lot v0.12.5
[1m[92m    Checking[0m rand_chacha v0.3.1
[1m[92m    Checking[0m crypto-common v0.1.7
[1m[92m    Checking[0m errno v0.3.14
[1m[92m    Checking[0m zerofrom v0.1.8
[1m[92m    Checking[0m digest v0.10.7
[1m[92m    Checking[0m signal-hook-registry v1.4.8
[1m[92m    Checking[0m rand v0.8.6
[1m[92m    Checking[0m socket2 v0.6.4
[1m[92m    Checking[0m mio v1.2.1
[1m[92m    Checking[0m yoke v0.8.3
[1m[92m    Checking[0m futures-executor v0.3.32
[1m[92m    Checking[0m signature v2.2.0
[1m[92m    Checking[0m hmac v0.12.1
[1m[92m    Checking[0m sha2 v0.10.9
[1m[92m    Checking[0m curve25519-dalek v4.1.3
[1m[92m    Checking[0m ed25519 v2.2.3
[1m[92m    Checking[0m zerovec v0.11.6
[1m[92m    Checking[0m bs58 v0.5.1
[1m[92m    Checking[0m zerotrie v0.2.4
[1m[92m    Checking[0m futures v0.3.32
[1m[92m    Checking[0m filetime v0.2.29
[1m[92m    Checking[0m dirs-sys-next v0.1.2
[1m[92m    Checking[0m tokio v1.52.3
[1m[92m    Checking[0m pin-project v1.1.13
[1m[92m    Checking[0m vfs v0.13.0
[1m[92m    Checking[0m ahash v0.8.12
[1m[92m    Checking[0m dirs-next v2.0.0
[1m[92m   Compiling[0m data-encoding v2.11.0
[1m[92m    Checking[0m tinystr v0.8.3
[1m[92m    Checking[0m potential_utf v0.1.5
[1m[92m    Checking[0m hashbrown v0.14.5
[1m[92m   Compiling[0m prost-derive v0.14.4
[1m[92m    Checking[0m icu_locale_core v2.2.0
[1m[92m    Checking[0m fixed-hash v0.8.0
[1m[92m    Checking[0m icu_collections v2.2.0
[1m[92m    Checking[0m primitive-types v0.14.0
[1m[92m    Checking[0m ff v0.13.1
[1m[92m   Compiling[0m match-lookup v0.1.2
[1m[92m    Checking[0m const-str v0.4.3
[1m[92m    Checking[0m ed25519-dalek v2.2.0
[1m[92m    Checking[0m tempfile v3.27.0
[1m[92m   Compiling[0m data-encoding-macro-internal v0.1.18
[1m[92m    Checking[0m icu_provider v2.2.0
[1m[92m    Checking[0m group v0.13.0
[1m[92m    Checking[0m base256emoji v1.0.2
[1m[92m    Checking[0m hkdf v0.12.4
[1m[92m    Checking[0m data-encoding-macro v0.1.20
[1m[92m    Checking[0m move-core-types v0.0.4 (/home/runner/work/kanari-sdk/kanari-sdk/third_party/move/crates/move-core-types)
[1m[92m    Checking[0m crypto-bigint v0.5.5
[1m[92m    Checking[0m multihash v0.19.5
[1m[92m    Checking[0m base45 v3.2.0
[1m[92m    Checking[0m icu_normalizer v2.2.0
[1m[92m    Checking[0m icu_properties v2.2.0
[1m[92m    Checking[0m base-x v0.2.11
[1m[92m    Checking[0m quick-protobuf v0.8.1
[1m[92m    Checking[0m multibase v0.9.3
[1m[92m   Compiling[0m itertools v0.13.0
[1m[92m    Checking[0m unsigned-varint v0.7.2
[1m[92m    Checking[0m futures-timer v3.0.4
[1m[92m    Checking[0m web-time v1.1.0
[1m[92m    Checking[0m dirs-sys v0.5.0
[1m[92m    Checking[0m multistream-select v0.13.0
[1m[92m    Checking[0m stacker v0.1.24
[1m[92m    Checking[0m rw-stream-sink v0.4.0
[1m[92m    Checking[0m rfc6979 v0.4.0
[1m[92m    Checking[0m cipher v0.4.4
[1m[92m    Checking[0m dirs v6.0.0
[1m[92m    Checking[0m dashmap v5.5.3
[1m[92m    Checking[0m blake2 v0.10.6
[1m[92m    Checking[0m move-binary-format v0.0.3 (/home/runner/work/kanari-sdk/kanari-sdk/third_party/move/crates/move-binary-format)
[1m[92m    Checking[0m move-command-line-common v0.1.0 (/home/runner/work/kanari-sdk/kanari-sdk/third_party/move/crates/move-command-line-common)
[1m[92m    Checking[0m idna_adapter v1.2.2
[1m[92m    Checking[0m prost v0.14.4
[1m[92m    Checking[0m universal-hash v0.5.1
[1m[92m    Checking[0m idna v1.1.0
[1m[92m   Compiling[0m cmake v0.1.58
[1m[92m   Compiling[0m bindgen v0.72.1
[1m[92m    Checking[0m elliptic-curve v0.13.8
[1m[92m    Checking[0m libp2p-identity v0.2.14
[1m[92m    Checking[0m url v2.5.8
[1m[92m    Checking[0m move-ir-types v0.1.0 (/home/runner/work/kanari-sdk/kanari-sdk/third_party/move/crates/move-ir-types)
[1m[92m   Compiling[0m fs_extra v1.3.0
[1m[92m    Checking[0m polyval v0.6.2
[1m[92m    Checking[0m ecdsa v0.16.9
[1m[92m    Checking[0m internment v0.8.6
[1m[92m    Checking[0m lz4-sys v1.11.1+lz4-1.10.0
[1m[92m    Checking[0m multiaddr v0.18.2
[1m[92m   Compiling[0m aws-lc-sys v0.42.0
[1m[92m    Checking[0m pqcrypto-internals v0.2.11
[1m[92m    Checking[0m itertools v0.15.0
[1m[92m    Checking[0m digest v0.9.0
[1m[92m    Checking[0m ipnet v2.12.0
[1m[92m    Checking[0m move-ir-to-bytecode-syntax v0.1.0 (/home/runner/work/kanari-sdk/kanari-sdk/third_party/move/crates/move-ir-to-bytecode-syntax)
[1m[92m    Checking[0m untrusted v0.9.0
[1m[92m    Checking[0m libp2p-core v0.43.2
[1m[92m    Checking[0m k256 v0.13.4
[1m[92m    Checking[0m ghash v0.5.1
[1m[92m    Checking[0m primeorder v0.13.6
[1m[92m    Checking[0m aes v0.8.4
[1m[92m    Checking[0m move-vm-config v0.1.0 (/home/runner/work/kanari-sdk/kanari-sdk/third_party/move/crates/move-vm-config)
[1m[92m    Checking[0m move-bytecode-source-map v0.1.0 (/home/runner/work/kanari-sdk/kanari-sdk/third_party/move/crates/move-bytecode-source-map)
[1m[92m    Checking[0m ctr v0.9.2
[1m[92m    Checking[0m move-bytecode-verifier-meter v0.1.0 (/home/runner/work/kanari-sdk/kanari-sdk/third_party/move/crates/move-bytecode-verifier-meter)
[1m[92m    Checking[0m pbkdf2 v0.12.2
[1m[92m    Checking[0m move-bytecode-verifier v0.1.0 (/home/runner/work/kanari-sdk/kanari-sdk/third_party/move/crates/move-bytecode-verifier)
[1m[92m    Checking[0m ripemd v0.1.3
[1m[92m    Checking[0m aead v0.5.2
[1m[92m    Checking[0m move-ir-to-bytecode v0.1.0 (/home/runner/work/kanari-sdk/kanari-sdk/third_party/move/crates/move-ir-to-bytecode)
[1m[92m    Checking[0m move-coverage v0.1.0 (/home/runner/work/kanari-sdk/kanari-sdk/third_party/move/crates/move-coverage)
[1m[92m    Checking[0m password-hash v0.5.0
[1m[92m    Checking[0m argon2 v0.5.3
[1m[92m    Checking[0m aes-gcm v0.10.3
[1m[92m    Checking[0m bip39 v2.2.2
[1m[92m    Checking[0m move-vm-profiler v0.1.0 (/home/runner/work/kanari-sdk/kanari-sdk/third_party/move/crates/move-vm-profiler)
[1m[92m    Checking[0m p256 v0.13.2
[1m[92m    Checking[0m pqcrypto-dilithium v0.5.0
[1m[92m    Checking[0m move-compiler v0.0.1 (/home/runner/work/kanari-sdk/kanari-sdk/third_party/move/crates/move-compiler)
[1m[92m    Checking[0m pqcrypto-sphincsplus v0.7.2
[1m[92m    Checking[0m kanari-common v0.1.8 (/home/runner/work/kanari-sdk/kanari-sdk/crates/kanari-common)
[1m[92m    Checking[0m fs2 v0.4.3
[1m[92m    Checking[0m hashlink v0.10.0
[1m[92m   Compiling[0m libp2p-swarm-derive v0.35.1
[1m[92m   Compiling[0m aws-lc-rs v1.17.1
[1m[92m    Checking[0m sha2 v0.9.9
[1m[92m    Checking[0m bip32 v0.5.3
[1m[92m    Checking[0m move-vm-types v0.1.0 (/home/runner/work/kanari-sdk/kanari-sdk/third_party/move/crates/move-vm-types)
[1m[92m    Checking[0m tokio-util v0.7.18
[1m[92m    Checking[0m try-lock v0.2.5
[1m[92m    Checking[0m kanari-crypto v0.1.8 (/home/runner/work/kanari-sdk/kanari-sdk/crates/kanari-crypto)
[1m[92m    Checking[0m want v0.3.1
[1m[92m    Checking[0m fail v0.5.1
[1m[92m    Checking[0m h2 v0.4.15
[1m[92m    Checking[0m libp2p-swarm v0.47.1
[1m[92m    Checking[0m sync_wrapper v1.0.2
[1m[92m    Checking[0m rustls-pki-types v1.15.0
[1m[92m    Checking[0m move-vm-runtime v0.1.0 (/home/runner/work/kanari-sdk/kanari-sdk/third_party/move/crates/move-vm-runtime)
[1m[92m    Checking[0m asynchronous-codec v0.7.0
[1m[92m   Compiling[0m rustls v0.23.41
[1m[92m   Compiling[0m cfg_aliases v0.2.1
[1m[92m   Compiling[0m nix v0.30.1
[1m[92m    Checking[0m serde-reflection v0.6.0
[1m[92m    Checking[0m tower v0.5.3
[1m[92m    Checking[0m netlink-packet-core v0.8.1
[1m[92m    Checking[0m rand_core v0.9.5
[1m[92m   Compiling[0m kanari-open-rpc-macros v0.1.8 (/home/runner/work/kanari-sdk/kanari-sdk/crates/kanari-open-rpc-macros)
[1m[92m    Checking[0m bitmaps v2.1.0
[1m[92m    Checking[0m move-bytecode-utils v0.1.0 (/home/runner/work/kanari-sdk/kanari-sdk/third_party/move/crates/move-bytecode-utils)
[1m[92m   Compiling[0m proc-macro-error2 v2.0.1 (/home/runner/work/kanari-sdk/kanari-sdk/third_party/patches/proc-macro-error2-2.0.1)
[1m[92m    Checking[0m rand_chacha v0.9.0
[1m[92m    Checking[0m move-stdlib-natives v0.1.1 (/home/runner/work/kanari-sdk/kanari-sdk/third_party/move/crates/move-stdlib-natives)
[1m[92m    Checking[0m kanari-open-rpc v0.1.8 (/home/runner/work/kanari-sdk/kanari-sdk/crates/kanari-open-rpc)
[1m[92m    Checking[0m num-bigint-dig v0.8.6
[1m[92m    Checking[0m quick-protobuf-codec v0.3.1
[1m[92m    Checking[0m netlink-sys v0.8.8
[1m[92m    Checking[0m rand_xoshiro v0.6.0
[1m[92m   Compiling[0m ring v0.17.14
[1m[92m    Checking[0m sized-chunks v0.6.5
[1m[92m    Checking[0m curve25519-dalek-ng v4.1.1
[1m[92m    Checking[0m im v15.1.0
[1m[92m    Checking[0m rsa v0.9.10
[1m[92m    Checking[0m protobuf v3.7.2
[1m[92m    Checking[0m netlink-proto v0.12.0
[1m[92m    Checking[0m rand v0.9.4
[1m[92m    Checking[0m hyper v1.10.1
[1m[92m   Compiling[0m librocksdb-sys v0.17.3+10.4.2
[1m[92m   Compiling[0m tabled_derive v0.11.0
[1m[92m    Checking[0m hyper-util v0.1.20
[1m[92m    Checking[0m netlink-packet-route v0.28.0
[1m[92m    Checking[0m move-read-write-set-types v0.0.3 (/home/runner/work/kanari-sdk/kanari-sdk/third_party/move/crates/move-read-write-set-types)
[1m[92m    Checking[0m concurrent-queue v2.5.0
[1m[92m    Checking[0m futures-bounded v0.2.4
[1m[92m    Checking[0m named-lock v0.4.1
[1m[92m    Checking[0m move-disassembler v0.1.0 (/home/runner/work/kanari-sdk/kanari-sdk/third_party/move/crates/move-disassembler)
[1m[92m    Checking[0m whoami v2.1.2
[1m[92m    Checking[0m memmap2 v0.9.11
[1m[92m    Checking[0m tracing-log v0.2.0
[1m[92m    Checking[0m signature v1.6.4
[1m[92m    Checking[0m time-core v0.1.9
[1m[92m    Checking[0m powerfmt v0.2.0
[1m[92m    Checking[0m num-conv v0.2.2
[1m[92m    Checking[0m move-model v0.1.0 (/home/runner/work/kanari-sdk/kanari-sdk/third_party/move/crates/move-model)
[1m[92m    Checking[0m parking v2.2.1
[1m[92m    Checking[0m openssl-probe v0.2.1
[1m[92m    Checking[0m deranged v0.5.8
[1m[92m    Checking[0m num_threads v0.1.7
[1m[92m    Checking[0m event-listener v5.4.1
[1m[92m    Checking[0m rustls-native-certs v0.8.4
[1m[92m    Checking[0m eyre v0.6.12
[1m[92m    Checking[0m tracing-subscriber v0.3.23
[1m[92m    Checking[0m ed25519 v1.5.3
[1m[92m    Checking[0m prometheus v0.14.0
[1m[92m    Checking[0m move-docgen v0.1.0 (/home/runner/work/kanari-sdk/kanari-sdk/third_party/move/crates/move-docgen)
[1m[92m    Checking[0m move-package v0.1.0 (/home/runner/work/kanari-sdk/kanari-sdk/third_party/move/crates/move-package)
[1m[92m    Checking[0m move-stackless-bytecode v0.1.0 (/home/runner/work/kanari-sdk/kanari-sdk/third_party/move/crates/move-stackless-bytecode)
[1m[92m    Checking[0m time v0.3.53
[1m[92m    Checking[0m minibytes v0.1.0 (/home/runner/work/kanari-sdk/kanari-sdk/crates/mysticeti/crates/minibytes)
[1m[92m    Checking[0m tabled v0.20.0
[1m[92m    Checking[0m rayon v1.12.0
[1m[92m    Checking[0m kanari-system-natives v0.1.8 (/home/runner/work/kanari-sdk/kanari-sdk/crates/kanari-system-natives)
[1m[92m    Checking[0m ed25519-consensus v2.1.0
[1m[92m    Checking[0m rtnetlink v0.20.0
[1m[92m    Checking[0m curve25519-dalek-fiat v0.1.0
[1m[92m    Checking[0m gettid v0.1.4
[1m[92m   Compiling[0m libsqlite3-sys v0.38.1
[1m[92m   Compiling[0m snow v0.9.6
[1m[92m    Checking[0m nohash-hasher v0.2.0
[1m[92m    Checking[0m ed25519-dalek-fiat v0.1.0
[1m[92m    Checking[0m if-watch v3.2.2
[1m[92m    Checking[0m simplelog v0.12.2
[1m[92m    Checking[0m dag v0.1.0 (/home/runner/work/kanari-sdk/kanari-sdk/crates/mysticeti/crates/dag)
[1m[92m    Checking[0m move-errmapgen v0.1.0 (/home/runner/work/kanari-sdk/kanari-sdk/third_party/move/crates/move-errmapgen)
[1m[92m    Checking[0m event-listener-strategy v0.5.4
[1m[92m    Checking[0m tower-http v0.6.11
[1m[92m    Checking[0m socket2 v0.5.10
[1m[92m   Compiling[0m enum-as-inner v0.6.1
[1m[92m   Compiling[0m async-trait v0.1.89
[1m[92m    Checking[0m encoding_rs v0.8.35
[1m[92m    Checking[0m async-channel v2.5.0
[1m[92m    Checking[0m move-prover v0.1.0 (/home/runner/work/kanari-sdk/kanari-sdk/third_party/move/crates/move-prover)
[1m[92m    Checking[0m bytecode-interpreter-crypto v0.1.0 (/home/runner/work/kanari-sdk/kanari-sdk/third_party/move/crates/bytecode-interpreter-crypto)
[1m[92m    Checking[0m yamux v0.12.1
[1m[92m    Checking[0m hickory-proto v0.25.2
[1m[92m    Checking[0m yamux v0.13.10
[1m[92m    Checking[0m axum-core v0.5.6
[1m[92m    Checking[0m consensus v0.1.0 (/home/runner/work/kanari-sdk/kanari-sdk/crates/mysticeti/crates/consensus)
[1m[92m    Checking[0m x25519-dalek v2.0.1
[1m[92m    Checking[0m hashlink v0.9.1
[1m[92m    Checking[0m num_cpus v1.17.0
[1m[92m    Checking[0m hashlink v0.12.0
[1m[92m    Checking[0m simd-adler32 v0.3.9
[1m[92m    Checking[0m hex_fmt v0.3.0
[1m[92m    Checking[0m adler2 v2.0.1
[1m[92m    Checking[0m fallible-iterator v0.3.0
[1m[92m    Checking[0m fallible-streaming-iterator v0.1.9
[1m[92m    Checking[0m miniz_oxide v0.8.9
[1m[92m    Checking[0m libp2p-gossipsub v0.49.4
[1m[92m    Checking[0m libp2p-noise v0.46.1
[1m[92m    Checking[0m libp2p-yamux v0.47.0
[1m[92m    Checking[0m move-stackless-bytecode-interpreter v0.1.0 (/home/runner/work/kanari-sdk/kanari-sdk/third_party/move/crates/move-stackless-bytecode-interpreter)
[1m[92m    Checking[0m move-stdlib v0.1.1 (/home/runner/work/kanari-sdk/kanari-sdk/third_party/move/crates/move-stdlib)
[1m[92m    Checking[0m libp2p-tcp v0.44.1
[1m[92m    Checking[0m axum v0.8.9
[1m[92m    Checking[0m libp2p-mdns v0.48.0
[1m[92m    Checking[0m libp2p-kad v0.48.0 (/home/runner/work/kanari-sdk/kanari-sdk/third_party/patches/libp2p-kad-0.48.0)
[1m[92m    Checking[0m libp2p-dcutr v0.14.1
[1m[92m    Checking[0m libp2p-relay v0.21.1
[1m[92m    Checking[0m libp2p-identify v0.47.0
[1m[92m    Checking[0m libp2p-connection-limits v0.6.0
[1m[92m    Checking[0m libp2p-allow-block-list v0.6.0
[1m[92m    Checking[0m libp2p-ping v0.47.0
[1m[92m    Checking[0m move-vm-test-utils v0.1.0 (/home/runner/work/kanari-sdk/kanari-sdk/third_party/move/crates/move-vm-test-utils)
[1m[92m    Checking[0m rtoolbox v0.0.5
[1m[92m    Checking[0m dotenvy v0.15.7
[1m[92m    Checking[0m unty v0.0.4
[1m[92m    Checking[0m rpassword v7.5.4
[1m[92m    Checking[0m move-unit-test v0.1.0 (/home/runner/work/kanari-sdk/kanari-sdk/third_party/move/crates/move-unit-test)
[1m[92m    Checking[0m bincode v2.0.1
[1m[92m    Checking[0m libp2p v0.56.0
[1m[92m    Checking[0m flate2 v1.1.9
[1m[92m    Checking[0m rusqlite v0.40.1
[1m[92m    Checking[0m rustls-webpki v0.103.13
[1m[92m    Checking[0m tokio-rustls v0.26.4
[1m[92m    Checking[0m hyper-rustls v0.27.9
[1m[92m    Checking[0m rustls-platform-verifier v0.7.0
[1m[92m    Checking[0m reqwest v0.13.4
[1m[92m    Checking[0m rocksdb v0.24.0
[1m[92m    Checking[0m kanari-db-common v0.1.8 (/home/runner/work/kanari-sdk/kanari-sdk/crates/kanari-db-common)
[1m[92m    Checking[0m smt v0.1.8 (/home/runner/work/kanari-sdk/kanari-sdk/crates/smt)
[1m[92m    Checking[0m kanari-types v0.1.8 (/home/runner/work/kanari-sdk/kanari-sdk/crates/kanari-types)
[1m[92m    Checking[0m kanari-rpc-api v0.1.8 (/home/runner/work/kanari-sdk/kanari-sdk/crates/kanari-rpc-api)
[1m[92m    Checking[0m kanari-move-runtime-v1 v0.1.8 (/home/runner/work/kanari-sdk/kanari-sdk/move-execution/v1/kanari-move-runtime-v1)
[1m[92m    Checking[0m kanari-indexer v0.1.8 (/home/runner/work/kanari-sdk/kanari-sdk/crates/kanari-indexer)
[1m[92m    Checking[0m kanari-rpc-client v0.1.8 (/home/runner/work/kanari-sdk/kanari-sdk/crates/kanari-rpc-client)
[1m[33mwarning[0m[1m: variable does not need to be mutable[0m
   [1m[94m--> [0mmove-execution/v1/kanari-move-runtime-v1/src/move_runtime/mod.rs:948:33
    [1m[94m|[0m
[1m[94m948[0m [1m[94m|[0m                     if let Some(mut stored_obj) = self.object_storage.get_object(&object_id) {
    [1m[94m|[0m                                 [1m[94m----[0m[1m[33m^^^^^^^^^^[0m
    [1m[94m|[0m                                 [1m[94m|[0m
    [1m[94m|[0m                                 [1m[94mhelp: remove this `mut`[0m
    [1m[94m|[0m
    [1m[94m= [0m[1mnote[0m: `#[warn(unused_mut)]` (part of `#[warn(unused)]`) on by default

[1m[33mwarning[0m[1m: unused variable: `struct_tag`[0m
   [1m[94m--> [0mmove-execution/v1/kanari-move-runtime-v1/src/move_runtime/mod.rs:940:49
    [1m[94m|[0m
[1m[94m940[0m [1m[94m|[0m                     && let Some(TypeTag::Struct(struct_tag)) = type_tag_for_param(param_type)
    [1m[94m|[0m                                                 [1m[33m^^^^^^^^^^[0m [1m[33mhelp: if this is intentional, prefix it with an underscore: `_struct_tag`[0m
    [1m[94m|[0m
    [1m[94m= [0m[1mnote[0m: `#[warn(unused_variables)]` (part of `#[warn(unused)]`) on by default

[1m[92m    Checking[0m kanari-faucet v0.1.8 (/home/runner/work/kanari-sdk/kanari-sdk/crates/kanari-faucet)
[1m[33mwarning[0m[1m: methods `get_coins_by_type_and_owner`, `get_object_ref`, and `validate_object_ref` are never used[0m
  [1m[94m--> [0mmove-execution/v1/kanari-move-runtime-v1/src/storage/object_storage.rs:56:8
   [1m[94m|[0m
[1m[94m48[0m [1m[94m|[0m pub trait ObjectStore: Send + Sync {
   [1m[94m|[0m           [1m[94m-----------[0m [1m[94mmethods in this trait[0m
[1m[94m...[0m
[1m[94m56[0m [1m[94m|[0m     fn get_coins_by_type_and_owner(
   [1m[94m|[0m        [1m[33m^^^^^^^^^^^^^^^^^^^^^^^^^^^[0m
[1m[94m...[0m
[1m[94m63[0m [1m[94m|[0m     fn get_object_ref(&self, id: &str) -> Result<Option<ObjectRef>, ObjectStorageError> {
   [1m[94m|[0m        [1m[33m^^^^^^^^^^^^^^[0m
[1m[94m...[0m
[1m[94m70[0m [1m[94m|[0m     fn validate_object_ref(
   [1m[94m|[0m        [1m[33m^^^^^^^^^^^^^^^^^^^[0m
   [1m[94m|[0m
   [1m[94m= [0m[1mnote[0m: `#[warn(dead_code)]` (part of `#[warn(unused)]`) on by default

[1m[33mwarning[0m[1m: methods `object_id`, `owner_kind`, and `object_ref` are never used[0m
   [1m[94m--> [0mmove-execution/v1/kanari-move-runtime-v1/src/storage/object_storage.rs:109:12
    [1m[94m|[0m
[1m[94m103[0m [1m[94m|[0m impl StoredObject {
    [1m[94m|[0m [1m[94m-----------------[0m [1m[94mmethods in this implementation[0m
[1m[94m...[0m
[1m[94m109[0m [1m[94m|[0m     pub fn object_id(&self) -> Result<ObjectID> {
    [1m[94m|[0m            [1m[33m^^^^^^^^^[0m
[1m[94m...[0m
[1m[94m113[0m [1m[94m|[0m     pub fn owner_kind(&self) -> Owner {
    [1m[94m|[0m            [1m[33m^^^^^^^^^^[0m
[1m[94m...[0m
[1m[94m117[0m [1m[94m|[0m     pub fn object_ref(&self) -> Result<ObjectRef> {
    [1m[94m|[0m            [1m[33m^^^^^^^^^^[0m

[1m[33mwarning[0m[1m: associated items `matches_coin_type` and `get_coins_by_type_and_owner` are never used[0m
   [1m[94m--> [0mmove-execution/v1/kanari-move-runtime-v1/src/storage/object_storage.rs:226:8
    [1m[94m|[0m
[1m[94m225[0m [1m[94m|[0m impl ObjectStorage {
    [1m[94m|[0m [1m[94m------------------[0m [1m[94massociated items in this implementation[0m
[1m[94m226[0m [1m[94m|[0m     fn matches_coin_type(obj: &StoredObject, coin_type: &TypeTag) -> bool {
    [1m[94m|[0m        [1m[33m^^^^^^^^^^^^^^^^^[0m
[1m[94m...[0m
[1m[94m239[0m [1m[94m|[0m     fn get_coins_by_type_and_owner(
    [1m[94m|[0m        [1m[33m^^^^^^^^^^^^^^^^^^^^^^^^^^^[0m

[1m[33mwarning[0m: `kanari-move-runtime-v1` (lib) generated 5 warnings (run `cargo fix --lib -p kanari-move-runtime-v1` to apply 2 suggestions)
[1m[92m    Checking[0m kanari-core v0.1.8 (/home/runner/work/kanari-sdk/kanari-sdk/crates/kanari-core)
[1m[92m    Checking[0m kanari v0.1.8 (/home/runner/work/kanari-sdk/kanari-sdk/crates/kanari)
[1m[33mwarning[0m[1m: constant `MAX_MEMPOOL_SIZE` is never used[0m
  [1m[94m--> [0mcrates/kanari-core/src/engine.rs:50:7
   [1m[94m|[0m
[1m[94m50[0m [1m[94m|[0m const MAX_MEMPOOL_SIZE: usize = 1_000_000;
   [1m[94m|[0m       [1m[33m^^^^^^^^^^^^^^^^[0m
   [1m[94m|[0m
   [1m[94m= [0m[1mnote[0m: `#[warn(dead_code)]` (part of `#[warn(unused)]`) on by default

[1m[33mwarning[0m[1m: method `execute_transaction_with_runtime` is never used[0m
   [1m[94m--> [0mcrates/kanari-core/src/engine.rs:979:8
    [1m[94m|[0m
[1m[94m176[0m [1m[94m|[0m impl BlockchainEngine {
    [1m[94m|[0m [1m[94m---------------------[0m [1m[94mmethod in this implementation[0m
[1m[94m...[0m
[1m[94m979[0m [1m[94m|[0m     fn execute_transaction_with_runtime(
    [1m[94m|[0m        [1m[33m^^^^^^^^^^^^^^^^^^^^^^^^^^^^^^^^[0m

[1m[33mwarning[0m[1m: associated function `normalize_addr` is never used[0m
  [1m[94m--> [0mcrates/kanari-core/src/engine/mempool.rs:35:19
   [1m[94m|[0m
[1m[94m 6[0m [1m[94m|[0m impl BlockchainEngine {
   [1m[94m|[0m [1m[94m---------------------[0m [1m[94massociated function in this implementation[0m
[1m[94m...[0m
[1m[94m35[0m [1m[94m|[0m     pub(crate) fn normalize_addr(addr: &str) -> String {
   [1m[94m|[0m                   [1m[33m^^^^^^^^^^^^^^[0m

[1m[33mwarning[0m: `kanari-core` (lib) generated 3 warnings
[1m[92m    Checking[0m kanari-rpc-server v0.1.8 (/home/runner/work/kanari-sdk/kanari-sdk/crates/kanari-rpc-server)
[1m[92m    Checking[0m kanari-node v0.1.8 (/home/runner/work/kanari-sdk/kanari-sdk/crates/kanari-node)
[1m[92m    Finished[0m `dev` profile [unoptimized] target(s) in 5m 31s
[1m[92m   Compiling[0m enum-compat-util v0.1.0 (/home/runner/work/kanari-sdk/kanari-sdk/third_party/move/crates/enum-compat-util)
[1m[92m   Compiling[0m kanari-db-common v0.1.8 (/home/runner/work/kanari-sdk/kanari-sdk/crates/kanari-db-common)
[1m[92m   Compiling[0m kanari-common v0.1.8 (/home/runner/work/kanari-sdk/kanari-sdk/crates/kanari-common)
[1m[92m   Compiling[0m move-core-types v0.0.4 (/home/runner/work/kanari-sdk/kanari-sdk/third_party/move/crates/move-core-types)
[1m[92m   Compiling[0m smt v0.1.8 (/home/runner/work/kanari-sdk/kanari-sdk/crates/smt)
[1m[92m   Compiling[0m kanari-crypto v0.1.8 (/home/runner/work/kanari-sdk/kanari-sdk/crates/kanari-crypto)
[1m[92m   Compiling[0m kanari-types v0.1.8 (/home/runner/work/kanari-sdk/kanari-sdk/crates/kanari-types)
[1m[92m    Finished[0m `test` profile [unoptimized] target(s) in 4.92s
[1m[92m     Running[0m unittests src/lib.rs (target/debug/deps/kanari_types-1631897451b0e4c4)

running 11 tests
test object::tests::object_digest_changes_with_version ... ok
test object::tests::shared_owner_requires_consensus ... ok
test object::tests::test_id_record_from_hex ... ok
test object::tests::test_uid_record_from_hex ... ok
test object_effects::tests::write_digest_commits_previous_transaction ... ok
test object_transaction::tests::allows_sender_owned_pay_coin_to_fund_gas ... ok
test object_effects::tests::mutation_requires_previous_object_reference ... ok
test object_effects::tests::lamport_version_uses_highest_mutable_input ... ok
test object_transaction::tests::rejects_sponsored_gas_reused_as_sender_pay_coin ... ok
test object_transaction::tests::direct_pay_coins_are_signed_inputs ... ok
test signed_object_transaction::tests::rejects_authenticator_for_another_sender ... ok

test result: ok. 11 passed; 0 failed; 0 ignored; 0 measured; 65 filtered out; finished in 0.00s

[1m[92m   Compiling[0m move-core-types v0.0.4 (/home/runner/work/kanari-sdk/kanari-sdk/third_party/move/crates/move-core-types)
[1m[92m   Compiling[0m move-symbol-pool v0.1.0 (/home/runner/work/kanari-sdk/kanari-sdk/third_party/move/crates/move-symbol-pool)
[1m[92m   Compiling[0m move-borrow-graph v0.0.1 (/home/runner/work/kanari-sdk/kanari-sdk/third_party/move/crates/move-borrow-graph)
[1m[92m   Compiling[0m move-abstract-stack v0.0.1 (/home/runner/work/kanari-sdk/kanari-sdk/third_party/move/crates/move-abstract-stack)
[1m[92m   Compiling[0m move-binary-format v0.0.3 (/home/runner/work/kanari-sdk/kanari-sdk/third_party/move/crates/move-binary-format)
[1m[92m   Compiling[0m move-command-line-common v0.1.0 (/home/runner/work/kanari-sdk/kanari-sdk/third_party/move/crates/move-command-line-common)
[1m[92m   Compiling[0m kanari-crypto v0.1.8 (/home/runner/work/kanari-sdk/kanari-sdk/crates/kanari-crypto)
[1m[92m   Compiling[0m move-ir-types v0.1.0 (/home/runner/work/kanari-sdk/kanari-sdk/third_party/move/crates/move-ir-types)
[1m[92m   Compiling[0m move-ir-to-bytecode-syntax v0.1.0 (/home/runner/work/kanari-sdk/kanari-sdk/third_party/move/crates/move-ir-to-bytecode-syntax)
[1m[92m   Compiling[0m move-vm-config v0.1.0 (/home/runner/work/kanari-sdk/kanari-sdk/third_party/move/crates/move-vm-config)
[1m[92m   Compiling[0m move-bytecode-source-map v0.1.0 (/home/runner/work/kanari-sdk/kanari-sdk/third_party/move/crates/move-bytecode-source-map)
[1m[92m   Compiling[0m move-read-write-set-types v0.0.3 (/home/runner/work/kanari-sdk/kanari-sdk/third_party/move/crates/move-read-write-set-types)
[1m[92m   Compiling[0m move-bytecode-utils v0.1.0 (/home/runner/work/kanari-sdk/kanari-sdk/third_party/move/crates/move-bytecode-utils)
[1m[92m   Compiling[0m kanari-types v0.1.8 (/home/runner/work/kanari-sdk/kanari-sdk/crates/kanari-types)
[1m[92m   Compiling[0m move-bytecode-verifier-meter v0.1.0 (/home/runner/work/kanari-sdk/kanari-sdk/third_party/move/crates/move-bytecode-verifier-meter)
[1m[92m   Compiling[0m move-vm-profiler v0.1.0 (/home/runner/work/kanari-sdk/kanari-sdk/third_party/move/crates/move-vm-profiler)
[1m[92m   Compiling[0m move-bytecode-verifier v0.1.0 (/home/runner/work/kanari-sdk/kanari-sdk/third_party/move/crates/move-bytecode-verifier)
[1m[92m   Compiling[0m move-vm-types v0.1.0 (/home/runner/work/kanari-sdk/kanari-sdk/third_party/move/crates/move-vm-types)
[1m[92m   Compiling[0m move-ir-to-bytecode v0.1.0 (/home/runner/work/kanari-sdk/kanari-sdk/third_party/move/crates/move-ir-to-bytecode)
[1m[92m   Compiling[0m move-coverage v0.1.0 (/home/runner/work/kanari-sdk/kanari-sdk/third_party/move/crates/move-coverage)
[1m[92m   Compiling[0m move-compiler v0.0.1 (/home/runner/work/kanari-sdk/kanari-sdk/third_party/move/crates/move-compiler)
[1m[92m   Compiling[0m move-vm-runtime v0.1.0 (/home/runner/work/kanari-sdk/kanari-sdk/third_party/move/crates/move-vm-runtime)
[1m[92m   Compiling[0m move-stdlib-natives v0.1.1 (/home/runner/work/kanari-sdk/kanari-sdk/third_party/move/crates/move-stdlib-natives)
[1m[92m   Compiling[0m kanari-system-natives v0.1.8 (/home/runner/work/kanari-sdk/kanari-sdk/crates/kanari-system-natives)
[1m[92m   Compiling[0m move-disassembler v0.1.0 (/home/runner/work/kanari-sdk/kanari-sdk/third_party/move/crates/move-disassembler)
[1m[92m   Compiling[0m move-model v0.1.0 (/home/runner/work/kanari-sdk/kanari-sdk/third_party/move/crates/move-model)
[1m[92m   Compiling[0m move-docgen v0.1.0 (/home/runner/work/kanari-sdk/kanari-sdk/third_party/move/crates/move-docgen)
[1m[92m   Compiling[0m move-errmapgen v0.1.0 (/home/runner/work/kanari-sdk/kanari-sdk/third_party/move/crates/move-errmapgen)
[1m[92m   Compiling[0m move-stackless-bytecode v0.1.0 (/home/runner/work/kanari-sdk/kanari-sdk/third_party/move/crates/move-stackless-bytecode)
[1m[92m   Compiling[0m move-package v0.1.0 (/home/runner/work/kanari-sdk/kanari-sdk/third_party/move/crates/move-package)
[1m[92m   Compiling[0m move-prover v0.1.0 (/home/runner/work/kanari-sdk/kanari-sdk/third_party/move/crates/move-prover)
[1m[92m   Compiling[0m kanari-frameworks v0.1.8 (/home/runner/work/kanari-sdk/kanari-sdk/crates/kanari-frameworks)
[1m[92m   Compiling[0m kanari-move-runtime-v1 v0.1.8 (/home/runner/work/kanari-sdk/kanari-sdk/move-execution/v1/kanari-move-runtime-v1)
[1m[33mwarning[0m[1m: variable does not need to be mutable[0m
   [1m[94m--> [0mmove-execution/v1/kanari-move-runtime-v1/src/move_runtime/mod.rs:948:33
    [1m[94m|[0m
[1m[94m948[0m [1m[94m|[0m                     if let Some(mut stored_obj) = self.object_storage.get_object(&object_id) {
    [1m[94m|[0m                                 [1m[94m----[0m[1m[33m^^^^^^^^^^[0m
    [1m[94m|[0m                                 [1m[94m|[0m
    [1m[94m|[0m                                 [1m[94mhelp: remove this `mut`[0m
    [1m[94m|[0m
    [1m[94m= [0m[1mnote[0m: `#[warn(unused_mut)]` (part of `#[warn(unused)]`) on by default

[1m[33mwarning[0m[1m: unused variable: `struct_tag`[0m
   [1m[94m--> [0mmove-execution/v1/kanari-move-runtime-v1/src/move_runtime/mod.rs:940:49
    [1m[94m|[0m
[1m[94m940[0m [1m[94m|[0m                     && let Some(TypeTag::Struct(struct_tag)) = type_tag_for_param(param_type)
    [1m[94m|[0m                                                 [1m[33m^^^^^^^^^^[0m [1m[33mhelp: if this is intentional, prefix it with an underscore: `_struct_tag`[0m
    [1m[94m|[0m
    [1m[94m= [0m[1mnote[0m: `#[warn(unused_variables)]` (part of `#[warn(unused)]`) on by default

[1m[33mwarning[0m[1m: method `get_coins_by_type_and_owner` is never used[0m
  [1m[94m--> [0mmove-execution/v1/kanari-move-runtime-v1/src/storage/object_storage.rs:56:8
   [1m[94m|[0m
[1m[94m48[0m [1m[94m|[0m pub trait ObjectStore: Send + Sync {
   [1m[94m|[0m           [1m[94m-----------[0m [1m[94mmethod in this trait[0m
[1m[94m...[0m
[1m[94m56[0m [1m[94m|[0m     fn get_coins_by_type_and_owner(
   [1m[94m|[0m        [1m[33m^^^^^^^^^^^^^^^^^^^^^^^^^^^[0m
   [1m[94m|[0m
   [1m[94m= [0m[1mnote[0m: `#[warn(dead_code)]` (part of `#[warn(unused)]`) on by default

[1m[33mwarning[0m[1m: associated items `matches_coin_type` and `get_coins_by_type_and_owner` are never used[0m
   [1m[94m--> [0mmove-execution/v1/kanari-move-runtime-v1/src/storage/object_storage.rs:226:8
    [1m[94m|[0m
[1m[94m225[0m [1m[94m|[0m impl ObjectStorage {
    [1m[94m|[0m [1m[94m------------------[0m [1m[94massociated items in this implementation[0m
[1m[94m226[0m [1m[94m|[0m     fn matches_coin_type(obj: &StoredObject, coin_type: &TypeTag) -> bool {
    [1m[94m|[0m        [1m[33m^^^^^^^^^^^^^^^^^[0m
[1m[94m...[0m
[1m[94m239[0m [1m[94m|[0m     fn get_coins_by_type_and_owner(
    [1m[94m|[0m        [1m[33m^^^^^^^^^^^^^^^^^^^^^^^^^^^[0m

[1m[33mwarning[0m: `kanari-move-runtime-v1` (lib test) generated 4 warnings (run `cargo fix --lib -p kanari-move-runtime-v1 --tests` to apply 2 suggestions)
[1m[92m    Finished[0m `test` profile [unoptimized] target(s) in 30.24s
[1m[92m     Running[0m unittests src/lib.rs (target/debug/deps/kanari_move_runtime_v1-16e4b0e36cac9304)

running 7 tests
test state_object_apply::tests::accepts_immutable_object_without_account ... ok
test state_object_apply::tests::stages_without_persisting_until_commit ... ok
test state_object_refs::tests::exact_reference_round_trip_uses_full_object_contents ... ok
test state_object_apply::tests::deletion_tombstone_prevents_object_id_reuse ... ok
test state_object_refs::tests::tombstone_reserves_consumed_object_id ... ok
test state_object_refs::tests::protocol_metadata_digest_survives_commit ... ok
test state_object_refs::tests::missing_object_reference_is_rejected ... ok

test result: ok. 7 passed; 0 failed; 0 ignored; 0 measured; 49 filtered out; finished in 1.10s

[1m[92m   Compiling[0m enum-compat-util v0.1.0 (/home/runner/work/kanari-sdk/kanari-sdk/third_party/move/crates/enum-compat-util)
[1m[92m   Compiling[0m kanari-common v0.1.8 (/home/runner/work/kanari-sdk/kanari-sdk/crates/kanari-common)
[1m[92m   Compiling[0m smt v0.1.8 (/home/runner/work/kanari-sdk/kanari-sdk/crates/smt)
[1m[92m   Compiling[0m tabled v0.20.0
[1m[92m   Compiling[0m minibytes v0.1.0 (/home/runner/work/kanari-sdk/kanari-sdk/crates/mysticeti/crates/minibytes)
[1m[92m   Compiling[0m kanari-open-rpc v0.1.8 (/home/runner/work/kanari-sdk/kanari-sdk/crates/kanari-open-rpc)
[1m[92m   Compiling[0m move-core-types v0.0.4 (/home/runner/work/kanari-sdk/kanari-sdk/third_party/move/crates/move-core-types)
[1m[92m   Compiling[0m move-binary-format v0.0.3 (/home/runner/work/kanari-sdk/kanari-sdk/third_party/move/crates/move-binary-format)
[1m[92m   Compiling[0m move-command-line-common v0.1.0 (/home/runner/work/kanari-sdk/kanari-sdk/third_party/move/crates/move-command-line-common)
[1m[92m   Compiling[0m kanari-crypto v0.1.8 (/home/runner/work/kanari-sdk/kanari-sdk/crates/kanari-crypto)
[1m[92m   Compiling[0m move-ir-types v0.1.0 (/home/runner/work/kanari-sdk/kanari-sdk/third_party/move/crates/move-ir-types)
[1m[92m   Compiling[0m dag v0.1.0 (/home/runner/work/kanari-sdk/kanari-sdk/crates/mysticeti/crates/dag)
[1m[92m   Compiling[0m move-ir-to-bytecode-syntax v0.1.0 (/home/runner/work/kanari-sdk/kanari-sdk/third_party/move/crates/move-ir-to-bytecode-syntax)
[1m[92m   Compiling[0m move-vm-config v0.1.0 (/home/runner/work/kanari-sdk/kanari-sdk/third_party/move/crates/move-vm-config)
[1m[92m   Compiling[0m move-bytecode-source-map v0.1.0 (/home/runner/work/kanari-sdk/kanari-sdk/third_party/move/crates/move-bytecode-source-map)
[1m[92m   Compiling[0m move-bytecode-utils v0.1.0 (/home/runner/work/kanari-sdk/kanari-sdk/third_party/move/crates/move-bytecode-utils)
[1m[92m   Compiling[0m move-bytecode-verifier-meter v0.1.0 (/home/runner/work/kanari-sdk/kanari-sdk/third_party/move/crates/move-bytecode-verifier-meter)
[1m[92m   Compiling[0m move-bytecode-verifier v0.1.0 (/home/runner/work/kanari-sdk/kanari-sdk/third_party/move/crates/move-bytecode-verifier)
[1m[92m   Compiling[0m move-vm-profiler v0.1.0 (/home/runner/work/kanari-sdk/kanari-sdk/third_party/move/crates/move-vm-profiler)
[1m[92m   Compiling[0m move-vm-types v0.1.0 (/home/runner/work/kanari-sdk/kanari-sdk/third_party/move/crates/move-vm-types)
[1m[92m   Compiling[0m move-ir-to-bytecode v0.1.0 (/home/runner/work/kanari-sdk/kanari-sdk/third_party/move/crates/move-ir-to-bytecode)
[1m[92m   Compiling[0m move-coverage v0.1.0 (/home/runner/work/kanari-sdk/kanari-sdk/third_party/move/crates/move-coverage)
[1m[92m   Compiling[0m kanari-types v0.1.8 (/home/runner/work/kanari-sdk/kanari-sdk/crates/kanari-types)
[1m[92m   Compiling[0m move-compiler v0.0.1 (/home/runner/work/kanari-sdk/kanari-sdk/third_party/move/crates/move-compiler)
[1m[92m   Compiling[0m move-vm-runtime v0.1.0 (/home/runner/work/kanari-sdk/kanari-sdk/third_party/move/crates/move-vm-runtime)
[1m[92m   Compiling[0m consensus v0.1.0 (/home/runner/work/kanari-sdk/kanari-sdk/crates/mysticeti/crates/consensus)
[1m[92m   Compiling[0m kanari-rpc-api v0.1.8 (/home/runner/work/kanari-sdk/kanari-sdk/crates/kanari-rpc-api)
[1m[92m   Compiling[0m move-stdlib-natives v0.1.1 (/home/runner/work/kanari-sdk/kanari-sdk/third_party/move/crates/move-stdlib-natives)
[1m[92m   Compiling[0m kanari-system-natives v0.1.8 (/home/runner/work/kanari-sdk/kanari-sdk/crates/kanari-system-natives)
[1m[92m   Compiling[0m move-disassembler v0.1.0 (/home/runner/work/kanari-sdk/kanari-sdk/third_party/move/crates/move-disassembler)
[1m[92m   Compiling[0m move-model v0.1.0 (/home/runner/work/kanari-sdk/kanari-sdk/third_party/move/crates/move-model)
[1m[92m   Compiling[0m move-docgen v0.1.0 (/home/runner/work/kanari-sdk/kanari-sdk/third_party/move/crates/move-docgen)
[1m[92m   Compiling[0m move-package v0.1.0 (/home/runner/work/kanari-sdk/kanari-sdk/third_party/move/crates/move-package)
[1m[92m   Compiling[0m kanari-move-runtime-v1 v0.1.8 (/home/runner/work/kanari-sdk/kanari-sdk/move-execution/v1/kanari-move-runtime-v1)
[1m[33mwarning[0m[1m: variable does not need to be mutable[0m
   [1m[94m--> [0mmove-execution/v1/kanari-move-runtime-v1/src/move_runtime/mod.rs:948:33
    [1m[94m|[0m
[1m[94m948[0m [1m[94m|[0m                     if let Some(mut stored_obj) = self.object_storage.get_object(&object_id) {
    [1m[94m|[0m                                 [1m[94m----[0m[1m[33m^^^^^^^^^^[0m
    [1m[94m|[0m                                 [1m[94m|[0m
    [1m[94m|[0m                                 [1m[94mhelp: remove this `mut`[0m
    [1m[94m|[0m
    [1m[94m= [0m[1mnote[0m: `#[warn(unused_mut)]` (part of `#[warn(unused)]`) on by default

[1m[33mwarning[0m[1m: unused variable: `struct_tag`[0m
   [1m[94m--> [0mmove-execution/v1/kanari-move-runtime-v1/src/move_runtime/mod.rs:940:49
    [1m[94m|[0m
[1m[94m940[0m [1m[94m|[0m                     && let Some(TypeTag::Struct(struct_tag)) = type_tag_for_param(param_type)
    [1m[94m|[0m                                                 [1m[33m^^^^^^^^^^[0m [1m[33mhelp: if this is intentional, prefix it with an underscore: `_struct_tag`[0m
    [1m[94m|[0m
    [1m[94m= [0m[1mnote[0m: `#[warn(unused_variables)]` (part of `#[warn(unused)]`) on by default

[1m[33mwarning[0m[1m: methods `get_coins_by_type_and_owner`, `get_object_ref`, and `validate_object_ref` are never used[0m
  [1m[94m--> [0mmove-execution/v1/kanari-move-runtime-v1/src/storage/object_storage.rs:56:8
   [1m[94m|[0m
[1m[94m48[0m [1m[94m|[0m pub trait ObjectStore: Send + Sync {
   [1m[94m|[0m           [1m[94m-----------[0m [1m[94mmethods in this trait[0m
[1m[94m...[0m
[1m[94m56[0m [1m[94m|[0m     fn get_coins_by_type_and_owner(
   [1m[94m|[0m        [1m[33m^^^^^^^^^^^^^^^^^^^^^^^^^^^[0m
[1m[94m...[0m
[1m[94m63[0m [1m[94m|[0m     fn get_object_ref(&self, id: &str) -> Result<Option<ObjectRef>, ObjectStorageError> {
   [1m[94m|[0m        [1m[33m^^^^^^^^^^^^^^[0m
[1m[94m...[0m
[1m[94m70[0m [1m[94m|[0m     fn validate_object_ref(
   [1m[94m|[0m        [1m[33m^^^^^^^^^^^^^^^^^^^[0m
   [1m[94m|[0m
   [1m[94m= [0m[1mnote[0m: `#[warn(dead_code)]` (part of `#[warn(unused)]`) on by default

[1m[33mwarning[0m[1m: methods `object_id`, `owner_kind`, and `object_ref` are never used[0m
   [1m[94m--> [0mmove-execution/v1/kanari-move-runtime-v1/src/storage/object_storage.rs:109:12
    [1m[94m|[0m
[1m[94m103[0m [1m[94m|[0m impl StoredObject {
    [1m[94m|[0m [1m[94m-----------------[0m [1m[94mmethods in this implementation[0m
[1m[94m...[0m
[1m[94m109[0m [1m[94m|[0m     pub fn object_id(&self) -> Result<ObjectID> {
    [1m[94m|[0m            [1m[33m^^^^^^^^^[0m
[1m[94m...[0m
[1m[94m113[0m [1m[94m|[0m     pub fn owner_kind(&self) -> Owner {
    [1m[94m|[0m            [1m[33m^^^^^^^^^^[0m
[1m[94m...[0m
[1m[94m117[0m [1m[94m|[0m     pub fn object_ref(&self) -> Result<ObjectRef> {
    [1m[94m|[0m            [1m[33m^^^^^^^^^^[0m

[1m[33mwarning[0m[1m: associated items `matches_coin_type` and `get_coins_by_type_and_owner` are never used[0m
   [1m[94m--> [0mmove-execution/v1/kanari-move-runtime-v1/src/storage/object_storage.rs:226:8
    [1m[94m|[0m
[1m[94m225[0m [1m[94m|[0m impl ObjectStorage {
    [1m[94m|[0m [1m[94m------------------[0m [1m[94massociated items in this implementation[0m
[1m[94m226[0m [1m[94m|[0m     fn matches_coin_type(obj: &StoredObject, coin_type: &TypeTag) -> bool {
    [1m[94m|[0m        [1m[33m^^^^^^^^^^^^^^^^^[0m
[1m[94m...[0m
[1m[94m239[0m [1m[94m|[0m     fn get_coins_by_type_and_owner(
    [1m[94m|[0m        [1m[33m^^^^^^^^^^^^^^^^^^^^^^^^^^^[0m

[1m[33mwarning[0m: `kanari-move-runtime-v1` (lib) generated 5 warnings (run `cargo fix --lib -p kanari-move-runtime-v1` to apply 2 suggestions)
[1m[92m   Compiling[0m kanari-core v0.1.8 (/home/runner/work/kanari-sdk/kanari-sdk/crates/kanari-core)
[1m[33mwarning[0m[1m: constant `MAX_MEMPOOL_SIZE` is never used[0m
  [1m[94m--> [0mcrates/kanari-core/src/engine.rs:50:7
   [1m[94m|[0m
[1m[94m50[0m [1m[94m|[0m const MAX_MEMPOOL_SIZE: usize = 1_000_000;
   [1m[94m|[0m       [1m[33m^^^^^^^^^^^^^^^^[0m
   [1m[94m|[0m
   [1m[94m= [0m[1mnote[0m: `#[warn(dead_code)]` (part of `#[warn(unused)]`) on by default

[1m[33mwarning[0m[1m: method `execute_transaction_with_runtime` is never used[0m
   [1m[94m--> [0mcrates/kanari-core/src/engine.rs:979:8
    [1m[94m|[0m
[1m[94m176[0m [1m[94m|[0m impl BlockchainEngine {
    [1m[94m|[0m [1m[94m---------------------[0m [1m[94mmethod in this implementation[0m
[1m[94m...[0m
[1m[94m979[0m [1m[94m|[0m     fn execute_transaction_with_runtime(
    [1m[94m|[0m        [1m[33m^^^^^^^^^^^^^^^^^^^^^^^^^^^^^^^^[0m

[1m[33mwarning[0m[1m: associated function `normalize_addr` is never used[0m
  [1m[94m--> [0mcrates/kanari-core/src/engine/mempool.rs:35:19
   [1m[94m|[0m
[1m[94m 6[0m [1m[94m|[0m impl BlockchainEngine {
   [1m[94m|[0m [1m[94m---------------------[0m [1m[94massociated function in this implementation[0m
[1m[94m...[0m
[1m[94m35[0m [1m[94m|[0m     pub(crate) fn normalize_addr(addr: &str) -> String {
   [1m[94m|[0m                   [1m[33m^^^^^^^^^^^^^^[0m

[1m[33mwarning[0m: `kanari-core` (lib test) generated 3 warnings
[1m[92m    Finished[0m `test` profile [unoptimized] target(s) in 30.59s
[1m[92m     Running[0m unittests src/lib.rs (target/debug/deps/kanari_core-bd142f6ba3cbcc14)

running 4 tests
test object_gas::tests::writes_native_coin_balance_in_place ... ok
test object_transaction_engine_v2::tests::reads_native_coin_balance ... ok
test object_mempool::tests::unrelated_objects_can_be_pending_together ... ok
test object_mempool::tests::conflicting_mutable_object_is_rejected ... ok

test result: ok. 4 passed; 0 failed; 0 ignored; 0 measured; 31 filtered out; finished in 0.00s

[1m[92m   Compiling[0m smallvec v1.15.2
[1m[92m   Compiling[0m stable_deref_trait v1.2.1
[1m[92m   Compiling[0m zerofrom v0.1.8
[1m[92m   Compiling[0m futures-core v0.3.32
[1m[92m   Compiling[0m lock_api v0.4.14
[1m[92m   Compiling[0m litemap v0.8.2
[1m[92m   Compiling[0m writeable v0.6.3
[1m[92m   Compiling[0m http v1.4.2
[1m[92m   Compiling[0m slab v0.4.12
[1m[92m   Compiling[0m yoke v0.8.3
[1m[92m   Compiling[0m parking_lot_core v0.9.12
[1m[92m   Compiling[0m utf8_iter v1.0.4
[1m[92m   Compiling[0m aws-lc-sys v0.42.0
[1m[92m   Compiling[0m zerovec v0.11.6
[1m[92m   Compiling[0m zerotrie v0.2.4
[1m[92m   Compiling[0m rustls-pki-types v1.15.0
[1m[92m   Compiling[0m icu_properties_data v2.2.0
[1m[92m   Compiling[0m icu_normalizer_data v2.2.0
[1m[92m   Compiling[0m futures-task v0.3.32
[1m[92m   Compiling[0m futures-sink v0.3.32
[1m[92m   Compiling[0m parking_lot v0.12.5
[1m[92m   Compiling[0m untrusted v0.9.0
[1m[92m   Compiling[0m percent-encoding v2.3.2
[1m[92m   Compiling[0m futures-util v0.3.32
[1m[92m   Compiling[0m tower-service v0.3.3
[1m[92m   Compiling[0m tokio v1.52.3
[1m[92m   Compiling[0m tinystr v0.8.3
[1m[92m   Compiling[0m potential_utf v0.1.5
[1m[92m   Compiling[0m http-body v1.0.1
[1m[92m   Compiling[0m icu_locale_core v2.2.0
[1m[92m   Compiling[0m icu_collections v2.2.0
[1m[92m   Compiling[0m try-lock v0.2.5
[1m[92m   Compiling[0m atomic-waker v1.1.2
[1m[92m   Compiling[0m aws-lc-rs v1.17.1
[1m[92m   Compiling[0m want v0.3.1
[1m[92m   Compiling[0m httparse v1.10.1
[1m[92m   Compiling[0m futures-channel v0.3.32
[1m[92m   Compiling[0m form_urlencoded v1.2.2
[1m[92m   Compiling[0m sync_wrapper v1.0.2
[1m[92m   Compiling[0m tower-layer v0.3.3
[1m[92m   Compiling[0m openssl-probe v0.2.1
[1m[92m   Compiling[0m ipnet v2.12.0
[1m[92m   Compiling[0m rustls-native-certs v0.8.4
[1m[92m   Compiling[0m bitflags v2.13.0
[1m[92m   Compiling[0m kanari-open-rpc v0.1.8 (/home/runner/work/kanari-sdk/kanari-sdk/crates/kanari-open-rpc)
[1m[92m   Compiling[0m kanari-types v0.1.8 (/home/runner/work/kanari-sdk/kanari-sdk/crates/kanari-types)
[1m[92m   Compiling[0m icu_provider v2.2.0
[1m[92m   Compiling[0m rustls-webpki v0.103.13
[1m[92m   Compiling[0m http-body-util v0.1.3
[1m[92m   Compiling[0m icu_properties v2.2.0
[1m[92m   Compiling[0m icu_normalizer v2.2.0
[1m[92m   Compiling[0m encoding_rs v0.8.35
[1m[92m   Compiling[0m rustls v0.23.41
[1m[92m   Compiling[0m mime v0.3.17
[1m[92m   Compiling[0m idna_adapter v1.2.2
[1m[92m   Compiling[0m idna v1.1.0
[1m[92m   Compiling[0m url v2.5.8
[1m[92m   Compiling[0m kanari-rpc-api v0.1.8 (/home/runner/work/kanari-sdk/kanari-sdk/crates/kanari-rpc-api)
[1m[92m   Compiling[0m tokio-util v0.7.18
[1m[92m   Compiling[0m tower v0.5.3
[1m[92m   Compiling[0m tower-http v0.6.11
[1m[92m   Compiling[0m h2 v0.4.15
[1m[92m   Compiling[0m tokio-rustls v0.26.4
[1m[92m   Compiling[0m rustls-platform-verifier v0.7.0
[1m[92m   Compiling[0m hyper v1.10.1
[1m[92m   Compiling[0m hyper-util v0.1.20
[1m[92m   Compiling[0m hyper-rustls v0.27.9
[1m[92m   Compiling[0m reqwest v0.13.4
[1m[92m   Compiling[0m kanari-rpc-client v0.1.8 (/home/runner/work/kanari-sdk/kanari-sdk/crates/kanari-rpc-client)
[1m[92m    Finished[0m `test` profile [unoptimized] target(s) in 17.03s
[1m[92m     Running[0m unittests src/lib.rs (target/debug/deps/kanari_rpc_client-395686fbf9eb1cfa)

running 1 test
test tests::test_client_creation ... ok

test result: ok. 1 passed; 0 failed; 0 ignored; 0 measured; 0 filtered out; finished in 0.03s

